MPLINK 5.09, LINKER
Linker Map File - Created Tue Nov 05 01:19:29 2019

                                 Section Info
                  Section       Type    Address   Location Size(Bytes)
                ---------  ---------  ---------  ---------  ---------
                   .org_0       code   0x000000    program   0x00034e
                   .cinit    romdata   0x0001a7    program   0x000004
.config_2007_BUILD/DEFAULT/PRODUCTION/HAFTA2.       code   0x002007    program   0x000002



                              Program Memory Usage 
                               Start         End      
                           ---------   ---------      
                            0x000000    0x0001a8      
                            0x002007    0x002007      
            426 out of 8454 program addresses used, program memory utilization is 5%



                              Symbols - Sorted by Name
                     Name    Address   Location    Storage File                     
                ---------  ---------  ---------  --------- ---------                
                    ASAGI   0x000163    program     static C:\Users\Mert\MPLABXProjects\Hafta2.X\Hafta2.asm
                 B.SONDUR   0x000073    program     static C:\Users\Mert\MPLABXProjects\Hafta2.X\Hafta2.asm
                    B.YAK   0x00001d    program     static C:\Users\Mert\MPLABXProjects\Hafta2.X\Hafta2.asm
             BAS.B.ARTTIR   0x0000ff    program     static C:\Users\Mert\MPLABXProjects\Hafta2.X\Hafta2.asm
              BAS.B.AZALT   0x000108    program     static C:\Users\Mert\MPLABXProjects\Hafta2.X\Hafta2.asm
             BAS.C.ARTTIR   0x000112    program     static C:\Users\Mert\MPLABXProjects\Hafta2.X\Hafta2.asm
              BAS.C.AZALT   0x00011b    program     static C:\Users\Mert\MPLABXProjects\Hafta2.X\Hafta2.asm
                    BASLA   0x000125    program     static C:\Users\Mert\MPLABXProjects\Hafta2.X\Hafta2.asm
                BASLANGIC   0x000134    program     static C:\Users\Mert\MPLABXProjects\Hafta2.X\Hafta2.asm
                 C.SONDUR   0x0000a5    program     static C:\Users\Mert\MPLABXProjects\Hafta2.X\Hafta2.asm
                    C.YAK   0x00004f    program     static C:\Users\Mert\MPLABXProjects\Hafta2.X\Hafta2.asm
                      DON   0x000142    program     static C:\Users\Mert\MPLABXProjects\Hafta2.X\Hafta2.asm
                   DONGU1   0x000008    program     static C:\Users\Mert\MPLABXProjects\Hafta2.X\Hafta2.asm
                   DONGU2   0x000016    program     static C:\Users\Mert\MPLABXProjects\Hafta2.X\Hafta2.asm
                   DONME1   0x000156    program     static C:\Users\Mert\MPLABXProjects\Hafta2.X\Hafta2.asm
                   DONME2   0x00016d    program     static C:\Users\Mert\MPLABXProjects\Hafta2.X\Hafta2.asm
                   DONME3   0x000184    program     static C:\Users\Mert\MPLABXProjects\Hafta2.X\Hafta2.asm
                   DONME4   0x00019a    program     static C:\Users\Mert\MPLABXProjects\Hafta2.X\Hafta2.asm
                  GECIKME   0x000002    program     static C:\Users\Mert\MPLABXProjects\Hafta2.X\Hafta2.asm
                 GGECIKME   0x000012    program     static C:\Users\Mert\MPLABXProjects\Hafta2.X\Hafta2.asm
                   GOSTER   0x0000d7    program     static C:\Users\Mert\MPLABXProjects\Hafta2.X\Hafta2.asm
                     SAGA   0x00014c    program     static C:\Users\Mert\MPLABXProjects\Hafta2.X\Hafta2.asm
                     SOLA   0x000191    program     static C:\Users\Mert\MPLABXProjects\Hafta2.X\Hafta2.asm
                   YUKARI   0x00017a    program     static C:\Users\Mert\MPLABXProjects\Hafta2.X\Hafta2.asm
             _.org_0_0009   0x000009    program     static C:\Users\Mert\MPLABXProjects\Hafta2.X\Hafta2.asm
             _.org_0_000B   0x00000b    program     static C:\Users\Mert\MPLABXProjects\Hafta2.X\Hafta2.asm
             _.org_0_0017   0x000017    program     static C:\Users\Mert\MPLABXProjects\Hafta2.X\Hafta2.asm
             _.org_0_001E   0x00001e    program     static C:\Users\Mert\MPLABXProjects\Hafta2.X\Hafta2.asm
             _.org_0_0020   0x000020    program     static C:\Users\Mert\MPLABXProjects\Hafta2.X\Hafta2.asm
             _.org_0_0022   0x000022    program     static C:\Users\Mert\MPLABXProjects\Hafta2.X\Hafta2.asm
             _.org_0_0025   0x000025    program     static C:\Users\Mert\MPLABXProjects\Hafta2.X\Hafta2.asm
             _.org_0_0027   0x000027    program     static C:\Users\Mert\MPLABXProjects\Hafta2.X\Hafta2.asm
             _.org_0_0029   0x000029    program     static C:\Users\Mert\MPLABXProjects\Hafta2.X\Hafta2.asm
             _.org_0_002C   0x00002c    program     static C:\Users\Mert\MPLABXProjects\Hafta2.X\Hafta2.asm
             _.org_0_002E   0x00002e    program     static C:\Users\Mert\MPLABXProjects\Hafta2.X\Hafta2.asm
             _.org_0_0030   0x000030    program     static C:\Users\Mert\MPLABXProjects\Hafta2.X\Hafta2.asm
             _.org_0_0033   0x000033    program     static C:\Users\Mert\MPLABXProjects\Hafta2.X\Hafta2.asm
             _.org_0_0035   0x000035    program     static C:\Users\Mert\MPLABXProjects\Hafta2.X\Hafta2.asm
             _.org_0_0037   0x000037    program     static C:\Users\Mert\MPLABXProjects\Hafta2.X\Hafta2.asm
             _.org_0_003A   0x00003a    program     static C:\Users\Mert\MPLABXProjects\Hafta2.X\Hafta2.asm
             _.org_0_003C   0x00003c    program     static C:\Users\Mert\MPLABXProjects\Hafta2.X\Hafta2.asm
             _.org_0_003E   0x00003e    program     static C:\Users\Mert\MPLABXProjects\Hafta2.X\Hafta2.asm
             _.org_0_0041   0x000041    program     static C:\Users\Mert\MPLABXProjects\Hafta2.X\Hafta2.asm
             _.org_0_0043   0x000043    program     static C:\Users\Mert\MPLABXProjects\Hafta2.X\Hafta2.asm
             _.org_0_0045   0x000045    program     static C:\Users\Mert\MPLABXProjects\Hafta2.X\Hafta2.asm
             _.org_0_0048   0x000048    program     static C:\Users\Mert\MPLABXProjects\Hafta2.X\Hafta2.asm
             _.org_0_004A   0x00004a    program     static C:\Users\Mert\MPLABXProjects\Hafta2.X\Hafta2.asm
             _.org_0_004C   0x00004c    program     static C:\Users\Mert\MPLABXProjects\Hafta2.X\Hafta2.asm
             _.org_0_0050   0x000050    program     static C:\Users\Mert\MPLABXProjects\Hafta2.X\Hafta2.asm
             _.org_0_0052   0x000052    program     static C:\Users\Mert\MPLABXProjects\Hafta2.X\Hafta2.asm
             _.org_0_0054   0x000054    program     static C:\Users\Mert\MPLABXProjects\Hafta2.X\Hafta2.asm
             _.org_0_0057   0x000057    program     static C:\Users\Mert\MPLABXProjects\Hafta2.X\Hafta2.asm
             _.org_0_0059   0x000059    program     static C:\Users\Mert\MPLABXProjects\Hafta2.X\Hafta2.asm
             _.org_0_005B   0x00005b    program     static C:\Users\Mert\MPLABXProjects\Hafta2.X\Hafta2.asm
             _.org_0_005E   0x00005e    program     static C:\Users\Mert\MPLABXProjects\Hafta2.X\Hafta2.asm
             _.org_0_0060   0x000060    program     static C:\Users\Mert\MPLABXProjects\Hafta2.X\Hafta2.asm
             _.org_0_0062   0x000062    program     static C:\Users\Mert\MPLABXProjects\Hafta2.X\Hafta2.asm
             _.org_0_0065   0x000065    program     static C:\Users\Mert\MPLABXProjects\Hafta2.X\Hafta2.asm
             _.org_0_0067   0x000067    program     static C:\Users\Mert\MPLABXProjects\Hafta2.X\Hafta2.asm
             _.org_0_0069   0x000069    program     static C:\Users\Mert\MPLABXProjects\Hafta2.X\Hafta2.asm
             _.org_0_006C   0x00006c    program     static C:\Users\Mert\MPLABXProjects\Hafta2.X\Hafta2.asm
             _.org_0_006E   0x00006e    program     static C:\Users\Mert\MPLABXProjects\Hafta2.X\Hafta2.asm
             _.org_0_0070   0x000070    program     static C:\Users\Mert\MPLABXProjects\Hafta2.X\Hafta2.asm
             _.org_0_0074   0x000074    program     static C:\Users\Mert\MPLABXProjects\Hafta2.X\Hafta2.asm
             _.org_0_0076   0x000076    program     static C:\Users\Mert\MPLABXProjects\Hafta2.X\Hafta2.asm
             _.org_0_0078   0x000078    program     static C:\Users\Mert\MPLABXProjects\Hafta2.X\Hafta2.asm
             _.org_0_007B   0x00007b    program     static C:\Users\Mert\MPLABXProjects\Hafta2.X\Hafta2.asm
             _.org_0_007D   0x00007d    program     static C:\Users\Mert\MPLABXProjects\Hafta2.X\Hafta2.asm
             _.org_0_007F   0x00007f    program     static C:\Users\Mert\MPLABXProjects\Hafta2.X\Hafta2.asm
             _.org_0_0082   0x000082    program     static C:\Users\Mert\MPLABXProjects\Hafta2.X\Hafta2.asm
             _.org_0_0084   0x000084    program     static C:\Users\Mert\MPLABXProjects\Hafta2.X\Hafta2.asm
             _.org_0_0086   0x000086    program     static C:\Users\Mert\MPLABXProjects\Hafta2.X\Hafta2.asm
             _.org_0_0089   0x000089    program     static C:\Users\Mert\MPLABXProjects\Hafta2.X\Hafta2.asm
             _.org_0_008B   0x00008b    program     static C:\Users\Mert\MPLABXProjects\Hafta2.X\Hafta2.asm
             _.org_0_008D   0x00008d    program     static C:\Users\Mert\MPLABXProjects\Hafta2.X\Hafta2.asm
             _.org_0_0090   0x000090    program     static C:\Users\Mert\MPLABXProjects\Hafta2.X\Hafta2.asm
             _.org_0_0092   0x000092    program     static C:\Users\Mert\MPLABXProjects\Hafta2.X\Hafta2.asm
             _.org_0_0094   0x000094    program     static C:\Users\Mert\MPLABXProjects\Hafta2.X\Hafta2.asm
             _.org_0_0097   0x000097    program     static C:\Users\Mert\MPLABXProjects\Hafta2.X\Hafta2.asm
             _.org_0_0099   0x000099    program     static C:\Users\Mert\MPLABXProjects\Hafta2.X\Hafta2.asm
             _.org_0_009B   0x00009b    program     static C:\Users\Mert\MPLABXProjects\Hafta2.X\Hafta2.asm
             _.org_0_009E   0x00009e    program     static C:\Users\Mert\MPLABXProjects\Hafta2.X\Hafta2.asm
             _.org_0_00A0   0x0000a0    program     static C:\Users\Mert\MPLABXProjects\Hafta2.X\Hafta2.asm
             _.org_0_00A2   0x0000a2    program     static C:\Users\Mert\MPLABXProjects\Hafta2.X\Hafta2.asm
             _.org_0_00A6   0x0000a6    program     static C:\Users\Mert\MPLABXProjects\Hafta2.X\Hafta2.asm
             _.org_0_00A8   0x0000a8    program     static C:\Users\Mert\MPLABXProjects\Hafta2.X\Hafta2.asm
             _.org_0_00AA   0x0000aa    program     static C:\Users\Mert\MPLABXProjects\Hafta2.X\Hafta2.asm
             _.org_0_00AD   0x0000ad    program     static C:\Users\Mert\MPLABXProjects\Hafta2.X\Hafta2.asm
             _.org_0_00AF   0x0000af    program     static C:\Users\Mert\MPLABXProjects\Hafta2.X\Hafta2.asm
             _.org_0_00B1   0x0000b1    program     static C:\Users\Mert\MPLABXProjects\Hafta2.X\Hafta2.asm
             _.org_0_00B4   0x0000b4    program     static C:\Users\Mert\MPLABXProjects\Hafta2.X\Hafta2.asm
             _.org_0_00B6   0x0000b6    program     static C:\Users\Mert\MPLABXProjects\Hafta2.X\Hafta2.asm
             _.org_0_00B8   0x0000b8    program     static C:\Users\Mert\MPLABXProjects\Hafta2.X\Hafta2.asm
             _.org_0_00BB   0x0000bb    program     static C:\Users\Mert\MPLABXProjects\Hafta2.X\Hafta2.asm
             _.org_0_00BD   0x0000bd    program     static C:\Users\Mert\MPLABXProjects\Hafta2.X\Hafta2.asm
             _.org_0_00BF   0x0000bf    program     static C:\Users\Mert\MPLABXProjects\Hafta2.X\Hafta2.asm
             _.org_0_00C2   0x0000c2    program     static C:\Users\Mert\MPLABXProjects\Hafta2.X\Hafta2.asm
             _.org_0_00C4   0x0000c4    program     static C:\Users\Mert\MPLABXProjects\Hafta2.X\Hafta2.asm
             _.org_0_00C6   0x0000c6    program     static C:\Users\Mert\MPLABXProjects\Hafta2.X\Hafta2.asm
             _.org_0_00C9   0x0000c9    program     static C:\Users\Mert\MPLABXProjects\Hafta2.X\Hafta2.asm
             _.org_0_00CB   0x0000cb    program     static C:\Users\Mert\MPLABXProjects\Hafta2.X\Hafta2.asm
             _.org_0_00CD   0x0000cd    program     static C:\Users\Mert\MPLABXProjects\Hafta2.X\Hafta2.asm
             _.org_0_00D0   0x0000d0    program     static C:\Users\Mert\MPLABXProjects\Hafta2.X\Hafta2.asm
             _.org_0_00D2   0x0000d2    program     static C:\Users\Mert\MPLABXProjects\Hafta2.X\Hafta2.asm
             _.org_0_00D4   0x0000d4    program     static C:\Users\Mert\MPLABXProjects\Hafta2.X\Hafta2.asm
             _.org_0_0101   0x000101    program     static C:\Users\Mert\MPLABXProjects\Hafta2.X\Hafta2.asm
             _.org_0_0103   0x000103    program     static C:\Users\Mert\MPLABXProjects\Hafta2.X\Hafta2.asm
             _.org_0_0105   0x000105    program     static C:\Users\Mert\MPLABXProjects\Hafta2.X\Hafta2.asm
             _.org_0_010A   0x00010a    program     static C:\Users\Mert\MPLABXProjects\Hafta2.X\Hafta2.asm
             _.org_0_010C   0x00010c    program     static C:\Users\Mert\MPLABXProjects\Hafta2.X\Hafta2.asm
             _.org_0_010E   0x00010e    program     static C:\Users\Mert\MPLABXProjects\Hafta2.X\Hafta2.asm
             _.org_0_0114   0x000114    program     static C:\Users\Mert\MPLABXProjects\Hafta2.X\Hafta2.asm
             _.org_0_0116   0x000116    program     static C:\Users\Mert\MPLABXProjects\Hafta2.X\Hafta2.asm
             _.org_0_0118   0x000118    program     static C:\Users\Mert\MPLABXProjects\Hafta2.X\Hafta2.asm
             _.org_0_011D   0x00011d    program     static C:\Users\Mert\MPLABXProjects\Hafta2.X\Hafta2.asm
             _.org_0_011F   0x00011f    program     static C:\Users\Mert\MPLABXProjects\Hafta2.X\Hafta2.asm
             _.org_0_0121   0x000121    program     static C:\Users\Mert\MPLABXProjects\Hafta2.X\Hafta2.asm



                              Symbols - Sorted by Address
                     Name    Address   Location    Storage File                     
                ---------  ---------  ---------  --------- ---------                
                  GECIKME   0x000002    program     static C:\Users\Mert\MPLABXProjects\Hafta2.X\Hafta2.asm
                   DONGU1   0x000008    program     static C:\Users\Mert\MPLABXProjects\Hafta2.X\Hafta2.asm
             _.org_0_0009   0x000009    program     static C:\Users\Mert\MPLABXProjects\Hafta2.X\Hafta2.asm
             _.org_0_000B   0x00000b    program     static C:\Users\Mert\MPLABXProjects\Hafta2.X\Hafta2.asm
                 GGECIKME   0x000012    program     static C:\Users\Mert\MPLABXProjects\Hafta2.X\Hafta2.asm
                   DONGU2   0x000016    program     static C:\Users\Mert\MPLABXProjects\Hafta2.X\Hafta2.asm
             _.org_0_0017   0x000017    program     static C:\Users\Mert\MPLABXProjects\Hafta2.X\Hafta2.asm
                    B.YAK   0x00001d    program     static C:\Users\Mert\MPLABXProjects\Hafta2.X\Hafta2.asm
             _.org_0_001E   0x00001e    program     static C:\Users\Mert\MPLABXProjects\Hafta2.X\Hafta2.asm
             _.org_0_0020   0x000020    program     static C:\Users\Mert\MPLABXProjects\Hafta2.X\Hafta2.asm
             _.org_0_0022   0x000022    program     static C:\Users\Mert\MPLABXProjects\Hafta2.X\Hafta2.asm
             _.org_0_0025   0x000025    program     static C:\Users\Mert\MPLABXProjects\Hafta2.X\Hafta2.asm
             _.org_0_0027   0x000027    program     static C:\Users\Mert\MPLABXProjects\Hafta2.X\Hafta2.asm
             _.org_0_0029   0x000029    program     static C:\Users\Mert\MPLABXProjects\Hafta2.X\Hafta2.asm
             _.org_0_002C   0x00002c    program     static C:\Users\Mert\MPLABXProjects\Hafta2.X\Hafta2.asm
             _.org_0_002E   0x00002e    program     static C:\Users\Mert\MPLABXProjects\Hafta2.X\Hafta2.asm
             _.org_0_0030   0x000030    program     static C:\Users\Mert\MPLABXProjects\Hafta2.X\Hafta2.asm
             _.org_0_0033   0x000033    program     static C:\Users\Mert\MPLABXProjects\Hafta2.X\Hafta2.asm
             _.org_0_0035   0x000035    program     static C:\Users\Mert\MPLABXProjects\Hafta2.X\Hafta2.asm
             _.org_0_0037   0x000037    program     static C:\Users\Mert\MPLABXProjects\Hafta2.X\Hafta2.asm
             _.org_0_003A   0x00003a    program     static C:\Users\Mert\MPLABXProjects\Hafta2.X\Hafta2.asm
             _.org_0_003C   0x00003c    program     static C:\Users\Mert\MPLABXProjects\Hafta2.X\Hafta2.asm
             _.org_0_003E   0x00003e    program     static C:\Users\Mert\MPLABXProjects\Hafta2.X\Hafta2.asm
             _.org_0_0041   0x000041    program     static C:\Users\Mert\MPLABXProjects\Hafta2.X\Hafta2.asm
             _.org_0_0043   0x000043    program     static C:\Users\Mert\MPLABXProjects\Hafta2.X\Hafta2.asm
             _.org_0_0045   0x000045    program     static C:\Users\Mert\MPLABXProjects\Hafta2.X\Hafta2.asm
             _.org_0_0048   0x000048    program     static C:\Users\Mert\MPLABXProjects\Hafta2.X\Hafta2.asm
             _.org_0_004A   0x00004a    program     static C:\Users\Mert\MPLABXProjects\Hafta2.X\Hafta2.asm
             _.org_0_004C   0x00004c    program     static C:\Users\Mert\MPLABXProjects\Hafta2.X\Hafta2.asm
                    C.YAK   0x00004f    program     static C:\Users\Mert\MPLABXProjects\Hafta2.X\Hafta2.asm
             _.org_0_0050   0x000050    program     static C:\Users\Mert\MPLABXProjects\Hafta2.X\Hafta2.asm
             _.org_0_0052   0x000052    program     static C:\Users\Mert\MPLABXProjects\Hafta2.X\Hafta2.asm
             _.org_0_0054   0x000054    program     static C:\Users\Mert\MPLABXProjects\Hafta2.X\Hafta2.asm
             _.org_0_0057   0x000057    program     static C:\Users\Mert\MPLABXProjects\Hafta2.X\Hafta2.asm
             _.org_0_0059   0x000059    program     static C:\Users\Mert\MPLABXProjects\Hafta2.X\Hafta2.asm
             _.org_0_005B   0x00005b    program     static C:\Users\Mert\MPLABXProjects\Hafta2.X\Hafta2.asm
             _.org_0_005E   0x00005e    program     static C:\Users\Mert\MPLABXProjects\Hafta2.X\Hafta2.asm
             _.org_0_0060   0x000060    program     static C:\Users\Mert\MPLABXProjects\Hafta2.X\Hafta2.asm
             _.org_0_0062   0x000062    program     static C:\Users\Mert\MPLABXProjects\Hafta2.X\Hafta2.asm
             _.org_0_0065   0x000065    program     static C:\Users\Mert\MPLABXProjects\Hafta2.X\Hafta2.asm
             _.org_0_0067   0x000067    program     static C:\Users\Mert\MPLABXProjects\Hafta2.X\Hafta2.asm
             _.org_0_0069   0x000069    program     static C:\Users\Mert\MPLABXProjects\Hafta2.X\Hafta2.asm
             _.org_0_006C   0x00006c    program     static C:\Users\Mert\MPLABXProjects\Hafta2.X\Hafta2.asm
             _.org_0_006E   0x00006e    program     static C:\Users\Mert\MPLABXProjects\Hafta2.X\Hafta2.asm
             _.org_0_0070   0x000070    program     static C:\Users\Mert\MPLABXProjects\Hafta2.X\Hafta2.asm
                 B.SONDUR   0x000073    program     static C:\Users\Mert\MPLABXProjects\Hafta2.X\Hafta2.asm
             _.org_0_0074   0x000074    program     static C:\Users\Mert\MPLABXProjects\Hafta2.X\Hafta2.asm
             _.org_0_0076   0x000076    program     static C:\Users\Mert\MPLABXProjects\Hafta2.X\Hafta2.asm
             _.org_0_0078   0x000078    program     static C:\Users\Mert\MPLABXProjects\Hafta2.X\Hafta2.asm
             _.org_0_007B   0x00007b    program     static C:\Users\Mert\MPLABXProjects\Hafta2.X\Hafta2.asm
             _.org_0_007D   0x00007d    program     static C:\Users\Mert\MPLABXProjects\Hafta2.X\Hafta2.asm
             _.org_0_007F   0x00007f    program     static C:\Users\Mert\MPLABXProjects\Hafta2.X\Hafta2.asm
             _.org_0_0082   0x000082    program     static C:\Users\Mert\MPLABXProjects\Hafta2.X\Hafta2.asm
             _.org_0_0084   0x000084    program     static C:\Users\Mert\MPLABXProjects\Hafta2.X\Hafta2.asm
             _.org_0_0086   0x000086    program     static C:\Users\Mert\MPLABXProjects\Hafta2.X\Hafta2.asm
             _.org_0_0089   0x000089    program     static C:\Users\Mert\MPLABXProjects\Hafta2.X\Hafta2.asm
             _.org_0_008B   0x00008b    program     static C:\Users\Mert\MPLABXProjects\Hafta2.X\Hafta2.asm
             _.org_0_008D   0x00008d    program     static C:\Users\Mert\MPLABXProjects\Hafta2.X\Hafta2.asm
             _.org_0_0090   0x000090    program     static C:\Users\Mert\MPLABXProjects\Hafta2.X\Hafta2.asm
             _.org_0_0092   0x000092    program     static C:\Users\Mert\MPLABXProjects\Hafta2.X\Hafta2.asm
             _.org_0_0094   0x000094    program     static C:\Users\Mert\MPLABXProjects\Hafta2.X\Hafta2.asm
             _.org_0_0097   0x000097    program     static C:\Users\Mert\MPLABXProjects\Hafta2.X\Hafta2.asm
             _.org_0_0099   0x000099    program     static C:\Users\Mert\MPLABXProjects\Hafta2.X\Hafta2.asm
             _.org_0_009B   0x00009b    program     static C:\Users\Mert\MPLABXProjects\Hafta2.X\Hafta2.asm
             _.org_0_009E   0x00009e    program     static C:\Users\Mert\MPLABXProjects\Hafta2.X\Hafta2.asm
             _.org_0_00A0   0x0000a0    program     static C:\Users\Mert\MPLABXProjects\Hafta2.X\Hafta2.asm
             _.org_0_00A2   0x0000a2    program     static C:\Users\Mert\MPLABXProjects\Hafta2.X\Hafta2.asm
                 C.SONDUR   0x0000a5    program     static C:\Users\Mert\MPLABXProjects\Hafta2.X\Hafta2.asm
             _.org_0_00A6   0x0000a6    program     static C:\Users\Mert\MPLABXProjects\Hafta2.X\Hafta2.asm
             _.org_0_00A8   0x0000a8    program     static C:\Users\Mert\MPLABXProjects\Hafta2.X\Hafta2.asm
             _.org_0_00AA   0x0000aa    program     static C:\Users\Mert\MPLABXProjects\Hafta2.X\Hafta2.asm
             _.org_0_00AD   0x0000ad    program     static C:\Users\Mert\MPLABXProjects\Hafta2.X\Hafta2.asm
             _.org_0_00AF   0x0000af    program     static C:\Users\Mert\MPLABXProjects\Hafta2.X\Hafta2.asm
             _.org_0_00B1   0x0000b1    program     static C:\Users\Mert\MPLABXProjects\Hafta2.X\Hafta2.asm
             _.org_0_00B4   0x0000b4    program     static C:\Users\Mert\MPLABXProjects\Hafta2.X\Hafta2.asm
             _.org_0_00B6   0x0000b6    program     static C:\Users\Mert\MPLABXProjects\Hafta2.X\Hafta2.asm
             _.org_0_00B8   0x0000b8    program     static C:\Users\Mert\MPLABXProjects\Hafta2.X\Hafta2.asm
             _.org_0_00BB   0x0000bb    program     static C:\Users\Mert\MPLABXProjects\Hafta2.X\Hafta2.asm
             _.org_0_00BD   0x0000bd    program     static C:\Users\Mert\MPLABXProjects\Hafta2.X\Hafta2.asm
             _.org_0_00BF   0x0000bf    program     static C:\Users\Mert\MPLABXProjects\Hafta2.X\Hafta2.asm
             _.org_0_00C2   0x0000c2    program     static C:\Users\Mert\MPLABXProjects\Hafta2.X\Hafta2.asm
             _.org_0_00C4   0x0000c4    program     static C:\Users\Mert\MPLABXProjects\Hafta2.X\Hafta2.asm
             _.org_0_00C6   0x0000c6    program     static C:\Users\Mert\MPLABXProjects\Hafta2.X\Hafta2.asm
             _.org_0_00C9   0x0000c9    program     static C:\Users\Mert\MPLABXProjects\Hafta2.X\Hafta2.asm
             _.org_0_00CB   0x0000cb    program     static C:\Users\Mert\MPLABXProjects\Hafta2.X\Hafta2.asm
             _.org_0_00CD   0x0000cd    program     static C:\Users\Mert\MPLABXProjects\Hafta2.X\Hafta2.asm
             _.org_0_00D0   0x0000d0    program     static C:\Users\Mert\MPLABXProjects\Hafta2.X\Hafta2.asm
             _.org_0_00D2   0x0000d2    program     static C:\Users\Mert\MPLABXProjects\Hafta2.X\Hafta2.asm
             _.org_0_00D4   0x0000d4    program     static C:\Users\Mert\MPLABXProjects\Hafta2.X\Hafta2.asm
                   GOSTER   0x0000d7    program     static C:\Users\Mert\MPLABXProjects\Hafta2.X\Hafta2.asm
             BAS.B.ARTTIR   0x0000ff    program     static C:\Users\Mert\MPLABXProjects\Hafta2.X\Hafta2.asm
             _.org_0_0101   0x000101    program     static C:\Users\Mert\MPLABXProjects\Hafta2.X\Hafta2.asm
             _.org_0_0103   0x000103    program     static C:\Users\Mert\MPLABXProjects\Hafta2.X\Hafta2.asm
             _.org_0_0105   0x000105    program     static C:\Users\Mert\MPLABXProjects\Hafta2.X\Hafta2.asm
              BAS.B.AZALT   0x000108    program     static C:\Users\Mert\MPLABXProjects\Hafta2.X\Hafta2.asm
             _.org_0_010A   0x00010a    program     static C:\Users\Mert\MPLABXProjects\Hafta2.X\Hafta2.asm
             _.org_0_010C   0x00010c    program     static C:\Users\Mert\MPLABXProjects\Hafta2.X\Hafta2.asm
             _.org_0_010E   0x00010e    program     static C:\Users\Mert\MPLABXProjects\Hafta2.X\Hafta2.asm
             BAS.C.ARTTIR   0x000112    program     static C:\Users\Mert\MPLABXProjects\Hafta2.X\Hafta2.asm
             _.org_0_0114   0x000114    program     static C:\Users\Mert\MPLABXProjects\Hafta2.X\Hafta2.asm
             _.org_0_0116   0x000116    program     static C:\Users\Mert\MPLABXProjects\Hafta2.X\Hafta2.asm
             _.org_0_0118   0x000118    program     static C:\Users\Mert\MPLABXProjects\Hafta2.X\Hafta2.asm
              BAS.C.AZALT   0x00011b    program     static C:\Users\Mert\MPLABXProjects\Hafta2.X\Hafta2.asm
             _.org_0_011D   0x00011d    program     static C:\Users\Mert\MPLABXProjects\Hafta2.X\Hafta2.asm
             _.org_0_011F   0x00011f    program     static C:\Users\Mert\MPLABXProjects\Hafta2.X\Hafta2.asm
             _.org_0_0121   0x000121    program     static C:\Users\Mert\MPLABXProjects\Hafta2.X\Hafta2.asm
                    BASLA   0x000125    program     static C:\Users\Mert\MPLABXProjects\Hafta2.X\Hafta2.asm
                BASLANGIC   0x000134    program     static C:\Users\Mert\MPLABXProjects\Hafta2.X\Hafta2.asm
                      DON   0x000142    program     static C:\Users\Mert\MPLABXProjects\Hafta2.X\Hafta2.asm
                     SAGA   0x00014c    program     static C:\Users\Mert\MPLABXProjects\Hafta2.X\Hafta2.asm
                   DONME1   0x000156    program     static C:\Users\Mert\MPLABXProjects\Hafta2.X\Hafta2.asm
                    ASAGI   0x000163    program     static C:\Users\Mert\MPLABXProjects\Hafta2.X\Hafta2.asm
                   DONME2   0x00016d    program     static C:\Users\Mert\MPLABXProjects\Hafta2.X\Hafta2.asm
                   YUKARI   0x00017a    program     static C:\Users\Mert\MPLABXProjects\Hafta2.X\Hafta2.asm
                   DONME3   0x000184    program     static C:\Users\Mert\MPLABXProjects\Hafta2.X\Hafta2.asm
                     SOLA   0x000191    program     static C:\Users\Mert\MPLABXProjects\Hafta2.X\Hafta2.asm
                   DONME4   0x00019a    program     static C:\Users\Mert\MPLABXProjects\Hafta2.X\Hafta2.asm


