MPLINK 5.09, LINKER
Linker Map File - Created Tue Oct 22 22:20:56 2019

                                 Section Info
                  Section       Type    Address   Location Size(Bytes)
                ---------  ---------  ---------  ---------  ---------
                   .org_0       code   0x000000    program   0x000004
                   .cinit    romdata   0x000002    program   0x000004
                   .org_1       code   0x000004    program   0x000076
.config_2007_BUILD/DEFAULT/PRODUCTION/SOLASAG       code   0x002007    program   0x000002



                              Program Memory Usage 
                               Start         End      
                           ---------   ---------      
                            0x000000    0x00003e      
                            0x002007    0x002007      
            64 out of 8454 program addresses used, program memory utilization is 0%



                              Symbols - Sorted by Name
                     Name    Address   Location    Storage File                     
                ---------  ---------  ---------  --------- ---------                
                    BASLA   0x000031    program     static C:\Users\Gng23\Documents\PIC_DERSLERI\3_SolaSagaKay.X\solaSagaKay.asm
                       DD   0x00003a    program     static C:\Users\Gng23\Documents\PIC_DERSLERI\3_SolaSagaKay.X\solaSagaKay.asm
                   DONGU1   0x000016    program     static C:\Users\Gng23\Documents\PIC_DERSLERI\3_SolaSagaKay.X\solaSagaKay.asm
                  GECIKME   0x000010    program     static C:\Users\Gng23\Documents\PIC_DERSLERI\3_SolaSagaKay.X\solaSagaKay.asm
                  SAGAGIT   0x000023    program     static C:\Users\Gng23\Documents\PIC_DERSLERI\3_SolaSagaKay.X\solaSagaKay.asm
               SAGKONTROL   0x00002b    program     static C:\Users\Gng23\Documents\PIC_DERSLERI\3_SolaSagaKay.X\solaSagaKay.asm
                  SOLAGIT   0x000025    program     static C:\Users\Gng23\Documents\PIC_DERSLERI\3_SolaSagaKay.X\solaSagaKay.asm
               SOLKONTROL   0x000027    program     static C:\Users\Gng23\Documents\PIC_DERSLERI\3_SolaSagaKay.X\solaSagaKay.asm
                    SSDON   0x000020    program     static C:\Users\Gng23\Documents\PIC_DERSLERI\3_SolaSagaKay.X\solaSagaKay.asm
                    YUKLE   0x000039    program     static C:\Users\Gng23\Documents\PIC_DERSLERI\3_SolaSagaKay.X\solaSagaKay.asm
             _.org_1_0017   0x000017    program     static C:\Users\Gng23\Documents\PIC_DERSLERI\3_SolaSagaKay.X\solaSagaKay.asm
             _.org_1_0019   0x000019    program     static C:\Users\Gng23\Documents\PIC_DERSLERI\3_SolaSagaKay.X\solaSagaKay.asm



                              Symbols - Sorted by Address
                     Name    Address   Location    Storage File                     
                ---------  ---------  ---------  --------- ---------                
                  GECIKME   0x000010    program     static C:\Users\Gng23\Documents\PIC_DERSLERI\3_SolaSagaKay.X\solaSagaKay.asm
                   DONGU1   0x000016    program     static C:\Users\Gng23\Documents\PIC_DERSLERI\3_SolaSagaKay.X\solaSagaKay.asm
             _.org_1_0017   0x000017    program     static C:\Users\Gng23\Documents\PIC_DERSLERI\3_SolaSagaKay.X\solaSagaKay.asm
             _.org_1_0019   0x000019    program     static C:\Users\Gng23\Documents\PIC_DERSLERI\3_SolaSagaKay.X\solaSagaKay.asm
                    SSDON   0x000020    program     static C:\Users\Gng23\Documents\PIC_DERSLERI\3_SolaSagaKay.X\solaSagaKay.asm
                  SAGAGIT   0x000023    program     static C:\Users\Gng23\Documents\PIC_DERSLERI\3_SolaSagaKay.X\solaSagaKay.asm
                  SOLAGIT   0x000025    program     static C:\Users\Gng23\Documents\PIC_DERSLERI\3_SolaSagaKay.X\solaSagaKay.asm
               SOLKONTROL   0x000027    program     static C:\Users\Gng23\Documents\PIC_DERSLERI\3_SolaSagaKay.X\solaSagaKay.asm
               SAGKONTROL   0x00002b    program     static C:\Users\Gng23\Documents\PIC_DERSLERI\3_SolaSagaKay.X\solaSagaKay.asm
                    BASLA   0x000031    program     static C:\Users\Gng23\Documents\PIC_DERSLERI\3_SolaSagaKay.X\solaSagaKay.asm
                    YUKLE   0x000039    program     static C:\Users\Gng23\Documents\PIC_DERSLERI\3_SolaSagaKay.X\solaSagaKay.asm
                       DD   0x00003a    program     static C:\Users\Gng23\Documents\PIC_DERSLERI\3_SolaSagaKay.X\solaSagaKay.asm


