MPLINK 5.09, LINKER
Linker Map File - Created Wed Nov 06 04:21:58 2019

                                 Section Info
                  Section       Type    Address   Location Size(Bytes)
                ---------  ---------  ---------  ---------  ---------
                   .org_0       code   0x000000    program   0x000004
                   .cinit    romdata   0x000002    program   0x000004
                   .org_1       code   0x000004    program   0x0000a0
.config_2007_BUILD/DEFAULT/PRODUCTION/TMR1_IN       code   0x002007    program   0x000002



                              Program Memory Usage 
                               Start         End      
                           ---------   ---------      
                            0x000000    0x000053      
                            0x002007    0x002007      
            85 out of 8454 program addresses used, program memory utilization is 1%



                              Symbols - Sorted by Name
                     Name    Address   Location    Storage File                     
                ---------  ---------  ---------  --------- ---------                
                    BASLA   0x00003e    program     static C:\Users\AsusSY\Documents\PIC_PROJELERIM\8_Tmr1_Int.X\tmr1_int.asm
                    CALIS   0x000053    program     static C:\Users\AsusSY\Documents\PIC_PROJELERIM\8_Tmr1_Int.X\tmr1_int.asm
                   DONGU1   0x000029    program     static C:\Users\AsusSY\Documents\PIC_PROJELERIM\8_Tmr1_Int.X\tmr1_int.asm
                    DONUS   0x00001c    program     static C:\Users\AsusSY\Documents\PIC_PROJELERIM\8_Tmr1_Int.X\tmr1_int.asm
                  GECIKME   0x000023    program     static C:\Users\AsusSY\Documents\PIC_PROJELERIM\8_Tmr1_Int.X\tmr1_int.asm
             KATOT_LOOKUP   0x000033    program     static C:\Users\AsusSY\Documents\PIC_PROJELERIM\8_Tmr1_Int.X\tmr1_int.asm
             _.org_1_002A   0x00002a    program     static C:\Users\AsusSY\Documents\PIC_PROJELERIM\8_Tmr1_Int.X\tmr1_int.asm
             _.org_1_002C   0x00002c    program     static C:\Users\AsusSY\Documents\PIC_PROJELERIM\8_Tmr1_Int.X\tmr1_int.asm



                              Symbols - Sorted by Address
                     Name    Address   Location    Storage File                     
                ---------  ---------  ---------  --------- ---------                
                    DONUS   0x00001c    program     static C:\Users\AsusSY\Documents\PIC_PROJELERIM\8_Tmr1_Int.X\tmr1_int.asm
                  GECIKME   0x000023    program     static C:\Users\AsusSY\Documents\PIC_PROJELERIM\8_Tmr1_Int.X\tmr1_int.asm
                   DONGU1   0x000029    program     static C:\Users\AsusSY\Documents\PIC_PROJELERIM\8_Tmr1_Int.X\tmr1_int.asm
             _.org_1_002A   0x00002a    program     static C:\Users\AsusSY\Documents\PIC_PROJELERIM\8_Tmr1_Int.X\tmr1_int.asm
             _.org_1_002C   0x00002c    program     static C:\Users\AsusSY\Documents\PIC_PROJELERIM\8_Tmr1_Int.X\tmr1_int.asm
             KATOT_LOOKUP   0x000033    program     static C:\Users\AsusSY\Documents\PIC_PROJELERIM\8_Tmr1_Int.X\tmr1_int.asm
                    BASLA   0x00003e    program     static C:\Users\AsusSY\Documents\PIC_PROJELERIM\8_Tmr1_Int.X\tmr1_int.asm
                    CALIS   0x000053    program     static C:\Users\AsusSY\Documents\PIC_PROJELERIM\8_Tmr1_Int.X\tmr1_int.asm


