MPLINK 5.09, LINKER
Linker Map File - Created Tue Oct 22 23:34:21 2019

                                 Section Info
                  Section       Type    Address   Location Size(Bytes)
                ---------  ---------  ---------  ---------  ---------
                   .org_0       code   0x000000    program   0x000004
                   .cinit    romdata   0x000002    program   0x000004
                   .org_1       code   0x000004    program   0x000068
.config_2007_BUILD/DEFAULT/PRODUCTION/DOTMATR       code   0x002007    program   0x000002



                              Program Memory Usage 
                               Start         End      
                           ---------   ---------      
                            0x000000    0x000037      
                            0x002007    0x002007      
            57 out of 8454 program addresses used, program memory utilization is 0%



                              Symbols - Sorted by Name
                     Name    Address   Location    Storage File                     
                ---------  ---------  ---------  --------- ---------                
                    BASLA   0x00002b    program     static C:\Users\Gng23\Documents\PIC_DERSLERI\6_DotMatrix.X\dotMatrix.asm
                       DD   0x000033    program     static C:\Users\Gng23\Documents\PIC_DERSLERI\6_DotMatrix.X\dotMatrix.asm
                   DONGU1   0x000016    program     static C:\Users\Gng23\Documents\PIC_DERSLERI\6_DotMatrix.X\dotMatrix.asm
                  GECIKME   0x000010    program     static C:\Users\Gng23\Documents\PIC_DERSLERI\6_DotMatrix.X\dotMatrix.asm
             KATOT_LOOKUP   0x000020    program     static C:\Users\Gng23\Documents\PIC_DERSLERI\6_DotMatrix.X\dotMatrix.asm
             _.org_1_0017   0x000017    program     static C:\Users\Gng23\Documents\PIC_DERSLERI\6_DotMatrix.X\dotMatrix.asm
             _.org_1_0019   0x000019    program     static C:\Users\Gng23\Documents\PIC_DERSLERI\6_DotMatrix.X\dotMatrix.asm



                              Symbols - Sorted by Address
                     Name    Address   Location    Storage File                     
                ---------  ---------  ---------  --------- ---------                
                  GECIKME   0x000010    program     static C:\Users\Gng23\Documents\PIC_DERSLERI\6_DotMatrix.X\dotMatrix.asm
                   DONGU1   0x000016    program     static C:\Users\Gng23\Documents\PIC_DERSLERI\6_DotMatrix.X\dotMatrix.asm
             _.org_1_0017   0x000017    program     static C:\Users\Gng23\Documents\PIC_DERSLERI\6_DotMatrix.X\dotMatrix.asm
             _.org_1_0019   0x000019    program     static C:\Users\Gng23\Documents\PIC_DERSLERI\6_DotMatrix.X\dotMatrix.asm
             KATOT_LOOKUP   0x000020    program     static C:\Users\Gng23\Documents\PIC_DERSLERI\6_DotMatrix.X\dotMatrix.asm
                    BASLA   0x00002b    program     static C:\Users\Gng23\Documents\PIC_DERSLERI\6_DotMatrix.X\dotMatrix.asm
                       DD   0x000033    program     static C:\Users\Gng23\Documents\PIC_DERSLERI\6_DotMatrix.X\dotMatrix.asm


