MPLINK 5.09, LINKER
Linker Map File - Created Tue Oct 22 22:20:46 2019

                                 Section Info
                  Section       Type    Address   Location Size(Bytes)
                ---------  ---------  ---------  ---------  ---------
                   .org_0       code   0x000000    program   0x000004
                   .cinit    romdata   0x000002    program   0x000004
                   .org_1       code   0x000004    program   0x000054
.config_2007_BUILD/DEFAULT/PRODUCTION/SOLAKAY       code   0x002007    program   0x000002



                              Program Memory Usage 
                               Start         End      
                           ---------   ---------      
                            0x000000    0x00002d      
                            0x002007    0x002007      
            47 out of 8454 program addresses used, program memory utilization is 0%



                              Symbols - Sorted by Name
                     Name    Address   Location    Storage File                     
                ---------  ---------  ---------  --------- ---------                
                    BASLA   0x000020    program     static C:\Users\Gng23\Documents\PIC_DERSLERI\2_SolaKay.X\solaKay.asm
                       DD   0x000027    program     static C:\Users\Gng23\Documents\PIC_DERSLERI\2_SolaKay.X\solaKay.asm
                   DONGU1   0x000016    program     static C:\Users\Gng23\Documents\PIC_DERSLERI\2_SolaKay.X\solaKay.asm
                  GECIKME   0x000010    program     static C:\Users\Gng23\Documents\PIC_DERSLERI\2_SolaKay.X\solaKay.asm
                   ULASTI   0x00002c    program     static C:\Users\Gng23\Documents\PIC_DERSLERI\2_SolaKay.X\solaKay.asm
                    YUKLE   0x000025    program     static C:\Users\Gng23\Documents\PIC_DERSLERI\2_SolaKay.X\solaKay.asm
             _.org_1_0017   0x000017    program     static C:\Users\Gng23\Documents\PIC_DERSLERI\2_SolaKay.X\solaKay.asm
             _.org_1_0019   0x000019    program     static C:\Users\Gng23\Documents\PIC_DERSLERI\2_SolaKay.X\solaKay.asm



                              Symbols - Sorted by Address
                     Name    Address   Location    Storage File                     
                ---------  ---------  ---------  --------- ---------                
                  GECIKME   0x000010    program     static C:\Users\Gng23\Documents\PIC_DERSLERI\2_SolaKay.X\solaKay.asm
                   DONGU1   0x000016    program     static C:\Users\Gng23\Documents\PIC_DERSLERI\2_SolaKay.X\solaKay.asm
             _.org_1_0017   0x000017    program     static C:\Users\Gng23\Documents\PIC_DERSLERI\2_SolaKay.X\solaKay.asm
             _.org_1_0019   0x000019    program     static C:\Users\Gng23\Documents\PIC_DERSLERI\2_SolaKay.X\solaKay.asm
                    BASLA   0x000020    program     static C:\Users\Gng23\Documents\PIC_DERSLERI\2_SolaKay.X\solaKay.asm
                    YUKLE   0x000025    program     static C:\Users\Gng23\Documents\PIC_DERSLERI\2_SolaKay.X\solaKay.asm
                       DD   0x000027    program     static C:\Users\Gng23\Documents\PIC_DERSLERI\2_SolaKay.X\solaKay.asm
                   ULASTI   0x00002c    program     static C:\Users\Gng23\Documents\PIC_DERSLERI\2_SolaKay.X\solaKay.asm


