MPLINK 5.09, LINKER
Linker Map File - Created Wed Nov 06 04:22:42 2019

                                 Section Info
                  Section       Type    Address   Location Size(Bytes)
                ---------  ---------  ---------  ---------  ---------
                   .org_0       code   0x000000    program   0x000004
                   .cinit    romdata   0x000002    program   0x000004
                   .org_1       code   0x000004    program   0x000086
.config_2007_BUILD/DEFAULT/PRODUCTION/TMR0_IN       code   0x002007    program   0x000002



                              Program Memory Usage 
                               Start         End      
                           ---------   ---------      
                            0x000000    0x000046      
                            0x002007    0x002007      
            72 out of 8454 program addresses used, program memory utilization is 0%



                              Symbols - Sorted by Name
                     Name    Address   Location    Storage File                     
                ---------  ---------  ---------  --------- ---------                
                    BASLA   0x00003a    program     static C:\Users\AsusSY\Documents\PIC_PROJELERIM\7_Tmr0_Int.X\tmr0_int.asm
                    CALIS   0x000046    program     static C:\Users\AsusSY\Documents\PIC_PROJELERIM\7_Tmr0_Int.X\tmr0_int.asm
                   DONGU1   0x000025    program     static C:\Users\AsusSY\Documents\PIC_PROJELERIM\7_Tmr0_Int.X\tmr0_int.asm
                    DONUS   0x000018    program     static C:\Users\AsusSY\Documents\PIC_PROJELERIM\7_Tmr0_Int.X\tmr0_int.asm
                  GECIKME   0x00001f    program     static C:\Users\AsusSY\Documents\PIC_PROJELERIM\7_Tmr0_Int.X\tmr0_int.asm
             KATOT_LOOKUP   0x00002f    program     static C:\Users\AsusSY\Documents\PIC_PROJELERIM\7_Tmr0_Int.X\tmr0_int.asm
             _.org_1_0026   0x000026    program     static C:\Users\AsusSY\Documents\PIC_PROJELERIM\7_Tmr0_Int.X\tmr0_int.asm
             _.org_1_0028   0x000028    program     static C:\Users\AsusSY\Documents\PIC_PROJELERIM\7_Tmr0_Int.X\tmr0_int.asm



                              Symbols - Sorted by Address
                     Name    Address   Location    Storage File                     
                ---------  ---------  ---------  --------- ---------                
                    DONUS   0x000018    program     static C:\Users\AsusSY\Documents\PIC_PROJELERIM\7_Tmr0_Int.X\tmr0_int.asm
                  GECIKME   0x00001f    program     static C:\Users\AsusSY\Documents\PIC_PROJELERIM\7_Tmr0_Int.X\tmr0_int.asm
                   DONGU1   0x000025    program     static C:\Users\AsusSY\Documents\PIC_PROJELERIM\7_Tmr0_Int.X\tmr0_int.asm
             _.org_1_0026   0x000026    program     static C:\Users\AsusSY\Documents\PIC_PROJELERIM\7_Tmr0_Int.X\tmr0_int.asm
             _.org_1_0028   0x000028    program     static C:\Users\AsusSY\Documents\PIC_PROJELERIM\7_Tmr0_Int.X\tmr0_int.asm
             KATOT_LOOKUP   0x00002f    program     static C:\Users\AsusSY\Documents\PIC_PROJELERIM\7_Tmr0_Int.X\tmr0_int.asm
                    BASLA   0x00003a    program     static C:\Users\AsusSY\Documents\PIC_PROJELERIM\7_Tmr0_Int.X\tmr0_int.asm
                    CALIS   0x000046    program     static C:\Users\AsusSY\Documents\PIC_PROJELERIM\7_Tmr0_Int.X\tmr0_int.asm


