MPLINK 5.09, LINKER
Linker Map File - Created Sat Nov 02 16:22:30 2019

                                 Section Info
                  Section       Type    Address   Location Size(Bytes)
                ---------  ---------  ---------  ---------  ---------
                   .org_0       code   0x000000    program   0x0000aa
                   .cinit    romdata   0x000055    program   0x000004
.config_2007_BUILD/DEFAULT/DEBUG/ODEV1.O       code   0x002007    program   0x000002



                              Program Memory Usage 
                               Start         End      
                           ---------   ---------      
                            0x000000    0x000056      
                            0x002007    0x002007      
            88 out of 8454 program addresses used, program memory utilization is 1%



                              Symbols - Sorted by Name
                     Name    Address   Location    Storage File                     
                ---------  ---------  ---------  --------- ---------                
                  AARTTIR   0x000012    program     static C:\Users\Mert\MPLABXProjects\odev1.X\odev1.asm
                   AAZALT   0x000014    program     static C:\Users\Mert\MPLABXProjects\odev1.X\odev1.asm
                    BASLA   0x000016    program     static C:\Users\Mert\MPLABXProjects\odev1.X\odev1.asm
                      DON   0x000024    program     static C:\Users\Mert\MPLABXProjects\odev1.X\odev1.asm
                   DONGU1   0x000008    program     static C:\Users\Mert\MPLABXProjects\odev1.X\odev1.asm
                  GECIKME   0x000002    program     static C:\Users\Mert\MPLABXProjects\odev1.X\odev1.asm
               GERISAYICI   0x00003f    program     static C:\Users\Mert\MPLABXProjects\odev1.X\odev1.asm
              ILERISAYICI   0x000029    program     static C:\Users\Mert\MPLABXProjects\odev1.X\odev1.asm
             _.org_0_0009   0x000009    program     static C:\Users\Mert\MPLABXProjects\odev1.X\odev1.asm
             _.org_0_000B   0x00000b    program     static C:\Users\Mert\MPLABXProjects\odev1.X\odev1.asm
             _.org_0_002B   0x00002b    program     static C:\Users\Mert\MPLABXProjects\odev1.X\odev1.asm
             _.org_0_002D   0x00002d    program     static C:\Users\Mert\MPLABXProjects\odev1.X\odev1.asm
             _.org_0_002F   0x00002f    program     static C:\Users\Mert\MPLABXProjects\odev1.X\odev1.asm
             _.org_0_0031   0x000031    program     static C:\Users\Mert\MPLABXProjects\odev1.X\odev1.asm
             _.org_0_0033   0x000033    program     static C:\Users\Mert\MPLABXProjects\odev1.X\odev1.asm
             _.org_0_0035   0x000035    program     static C:\Users\Mert\MPLABXProjects\odev1.X\odev1.asm
             _.org_0_0037   0x000037    program     static C:\Users\Mert\MPLABXProjects\odev1.X\odev1.asm
             _.org_0_0039   0x000039    program     static C:\Users\Mert\MPLABXProjects\odev1.X\odev1.asm
             _.org_0_0041   0x000041    program     static C:\Users\Mert\MPLABXProjects\odev1.X\odev1.asm
             _.org_0_0043   0x000043    program     static C:\Users\Mert\MPLABXProjects\odev1.X\odev1.asm
             _.org_0_0045   0x000045    program     static C:\Users\Mert\MPLABXProjects\odev1.X\odev1.asm
             _.org_0_0047   0x000047    program     static C:\Users\Mert\MPLABXProjects\odev1.X\odev1.asm
             _.org_0_0049   0x000049    program     static C:\Users\Mert\MPLABXProjects\odev1.X\odev1.asm
             _.org_0_004B   0x00004b    program     static C:\Users\Mert\MPLABXProjects\odev1.X\odev1.asm
             _.org_0_004D   0x00004d    program     static C:\Users\Mert\MPLABXProjects\odev1.X\odev1.asm
             _.org_0_004F   0x00004f    program     static C:\Users\Mert\MPLABXProjects\odev1.X\odev1.asm



                              Symbols - Sorted by Address
                     Name    Address   Location    Storage File                     
                ---------  ---------  ---------  --------- ---------                
                  GECIKME   0x000002    program     static C:\Users\Mert\MPLABXProjects\odev1.X\odev1.asm
                   DONGU1   0x000008    program     static C:\Users\Mert\MPLABXProjects\odev1.X\odev1.asm
             _.org_0_0009   0x000009    program     static C:\Users\Mert\MPLABXProjects\odev1.X\odev1.asm
             _.org_0_000B   0x00000b    program     static C:\Users\Mert\MPLABXProjects\odev1.X\odev1.asm
                  AARTTIR   0x000012    program     static C:\Users\Mert\MPLABXProjects\odev1.X\odev1.asm
                   AAZALT   0x000014    program     static C:\Users\Mert\MPLABXProjects\odev1.X\odev1.asm
                    BASLA   0x000016    program     static C:\Users\Mert\MPLABXProjects\odev1.X\odev1.asm
                      DON   0x000024    program     static C:\Users\Mert\MPLABXProjects\odev1.X\odev1.asm
              ILERISAYICI   0x000029    program     static C:\Users\Mert\MPLABXProjects\odev1.X\odev1.asm
             _.org_0_002B   0x00002b    program     static C:\Users\Mert\MPLABXProjects\odev1.X\odev1.asm
             _.org_0_002D   0x00002d    program     static C:\Users\Mert\MPLABXProjects\odev1.X\odev1.asm
             _.org_0_002F   0x00002f    program     static C:\Users\Mert\MPLABXProjects\odev1.X\odev1.asm
             _.org_0_0031   0x000031    program     static C:\Users\Mert\MPLABXProjects\odev1.X\odev1.asm
             _.org_0_0033   0x000033    program     static C:\Users\Mert\MPLABXProjects\odev1.X\odev1.asm
             _.org_0_0035   0x000035    program     static C:\Users\Mert\MPLABXProjects\odev1.X\odev1.asm
             _.org_0_0037   0x000037    program     static C:\Users\Mert\MPLABXProjects\odev1.X\odev1.asm
             _.org_0_0039   0x000039    program     static C:\Users\Mert\MPLABXProjects\odev1.X\odev1.asm
               GERISAYICI   0x00003f    program     static C:\Users\Mert\MPLABXProjects\odev1.X\odev1.asm
             _.org_0_0041   0x000041    program     static C:\Users\Mert\MPLABXProjects\odev1.X\odev1.asm
             _.org_0_0043   0x000043    program     static C:\Users\Mert\MPLABXProjects\odev1.X\odev1.asm
             _.org_0_0045   0x000045    program     static C:\Users\Mert\MPLABXProjects\odev1.X\odev1.asm
             _.org_0_0047   0x000047    program     static C:\Users\Mert\MPLABXProjects\odev1.X\odev1.asm
             _.org_0_0049   0x000049    program     static C:\Users\Mert\MPLABXProjects\odev1.X\odev1.asm
             _.org_0_004B   0x00004b    program     static C:\Users\Mert\MPLABXProjects\odev1.X\odev1.asm
             _.org_0_004D   0x00004d    program     static C:\Users\Mert\MPLABXProjects\odev1.X\odev1.asm
             _.org_0_004F   0x00004f    program     static C:\Users\Mert\MPLABXProjects\odev1.X\odev1.asm


