MPLINK 5.09, LINKER
Linker Map File - Created Wed Nov 06 04:43:59 2019

                                 Section Info
                  Section       Type    Address   Location Size(Bytes)
                ---------  ---------  ---------  ---------  ---------
                   .org_0       code   0x000000    program   0x000004
                   .cinit    romdata   0x000002    program   0x000004
                   .org_1       code   0x000004    program   0x00003e
.config_2007_BUILD/DEFAULT/PRODUCTION/RB0_INT       code   0x002007    program   0x000002



                              Program Memory Usage 
                               Start         End      
                           ---------   ---------      
                            0x000000    0x000022      
                            0x002007    0x002007      
            36 out of 8454 program addresses used, program memory utilization is 0%



                              Symbols - Sorted by Name
                     Name    Address   Location    Storage File                     
                ---------  ---------  ---------  --------- ---------                
                    BASLA   0x000021    program     static C:\Users\AsusSY\Documents\PIC_PROJELERIM\9_RB0_INT.X\RB0_Int.asm
                    DONGU   0x000022    program     static C:\Users\AsusSY\Documents\PIC_PROJELERIM\9_RB0_INT.X\RB0_Int.asm
               ON_AYARLAR   0x000015    program     static C:\Users\AsusSY\Documents\PIC_PROJELERIM\9_RB0_INT.X\RB0_Int.asm



                              Symbols - Sorted by Address
                     Name    Address   Location    Storage File                     
                ---------  ---------  ---------  --------- ---------                
               ON_AYARLAR   0x000015    program     static C:\Users\AsusSY\Documents\PIC_PROJELERIM\9_RB0_INT.X\RB0_Int.asm
                    BASLA   0x000021    program     static C:\Users\AsusSY\Documents\PIC_PROJELERIM\9_RB0_INT.X\RB0_Int.asm
                    DONGU   0x000022    program     static C:\Users\AsusSY\Documents\PIC_PROJELERIM\9_RB0_INT.X\RB0_Int.asm


