MPLINK 5.09, LINKER
Linker Map File - Created Tue Oct 22 22:42:14 2019

                                 Section Info
                  Section       Type    Address   Location Size(Bytes)
                ---------  ---------  ---------  ---------  ---------
                   .org_0       code   0x000000    program   0x000004
                   .cinit    romdata   0x000002    program   0x000004
                   .org_1       code   0x000004    program   0x000072
.config_2007_BUILD/DEFAULT/PRODUCTION/DISPLAY       code   0x002007    program   0x000002



                              Program Memory Usage 
                               Start         End      
                           ---------   ---------      
                            0x000000    0x00003c      
                            0x002007    0x002007      
            62 out of 8454 program addresses used, program memory utilization is 0%



                              Symbols - Sorted by Name
                     Name    Address   Location    Storage File                     
                ---------  ---------  ---------  --------- ---------                
                    BASLA   0x000026    program     static C:\Users\Gng23\Documents\PIC_DERSLERI\5_Display.X\display7.asm
                       DD   0x000030    program     static C:\Users\Gng23\Documents\PIC_DERSLERI\5_Display.X\display7.asm
                   DONGU1   0x000014    program     static C:\Users\Gng23\Documents\PIC_DERSLERI\5_Display.X\display7.asm
                  GECIKME   0x000010    program     static C:\Users\Gng23\Documents\PIC_DERSLERI\5_Display.X\display7.asm
             KATOT_LOOKUP   0x00001b    program     static C:\Users\Gng23\Documents\PIC_DERSLERI\5_Display.X\display7.asm
             _.org_1_0015   0x000015    program     static C:\Users\Gng23\Documents\PIC_DERSLERI\5_Display.X\display7.asm



                              Symbols - Sorted by Address
                     Name    Address   Location    Storage File                     
                ---------  ---------  ---------  --------- ---------                
                  GECIKME   0x000010    program     static C:\Users\Gng23\Documents\PIC_DERSLERI\5_Display.X\display7.asm
                   DONGU1   0x000014    program     static C:\Users\Gng23\Documents\PIC_DERSLERI\5_Display.X\display7.asm
             _.org_1_0015   0x000015    program     static C:\Users\Gng23\Documents\PIC_DERSLERI\5_Display.X\display7.asm
             KATOT_LOOKUP   0x00001b    program     static C:\Users\Gng23\Documents\PIC_DERSLERI\5_Display.X\display7.asm
                    BASLA   0x000026    program     static C:\Users\Gng23\Documents\PIC_DERSLERI\5_Display.X\display7.asm
                       DD   0x000030    program     static C:\Users\Gng23\Documents\PIC_DERSLERI\5_Display.X\display7.asm


