MPLINK 5.09, LINKER
Linker Map File - Created Tue Oct 22 22:21:36 2019

                                 Section Info
                  Section       Type    Address   Location Size(Bytes)
                ---------  ---------  ---------  ---------  ---------
                   .org_0       code   0x000000    program   0x000004
                   .cinit    romdata   0x000002    program   0x000004
                   .org_1       code   0x000004    program   0x00009a
.config_2007_BUILD/DEFAULT/PRODUCTION/RA_BUT_       code   0x002007    program   0x000002



                              Program Memory Usage 
                               Start         End      
                           ---------   ---------      
                            0x000000    0x000050      
                            0x002007    0x002007      
            82 out of 8454 program addresses used, program memory utilization is 0%



                              Symbols - Sorted by Name
                     Name    Address   Location    Storage File                     
                ---------  ---------  ---------  --------- ---------                
                    BASLA   0x00002f    program     static C:\Users\Gng23\Documents\PIC_DERSLERI\4_RA_But_B_Led.X\RA_but_RB_Led.asm
                   DONGU1   0x000016    program     static C:\Users\Gng23\Documents\PIC_DERSLERI\4_RA_But_B_Led.X\RA_but_RB_Led.asm
                  GECIKME   0x000010    program     static C:\Users\Gng23\Documents\PIC_DERSLERI\4_RA_But_B_Led.X\RA_but_RB_Led.asm
                  KONTROL   0x000031    program     static C:\Users\Gng23\Documents\PIC_DERSLERI\4_RA_But_B_Led.X\RA_but_RB_Led.asm
             PORTA_AYARLA   0x000020    program     static C:\Users\Gng23\Documents\PIC_DERSLERI\4_RA_But_B_Led.X\RA_but_RB_Led.asm
             PORTB_AYARLA   0x000028    program     static C:\Users\Gng23\Documents\PIC_DERSLERI\4_RA_But_B_Led.X\RA_but_RB_Led.asm
                   TEKRAR   0x000050    program     static C:\Users\Gng23\Documents\PIC_DERSLERI\4_RA_But_B_Led.X\RA_but_RB_Led.asm
                    YAK_0   0x00003e    program     static C:\Users\Gng23\Documents\PIC_DERSLERI\4_RA_But_B_Led.X\RA_but_RB_Led.asm
                    YAK_1   0x000041    program     static C:\Users\Gng23\Documents\PIC_DERSLERI\4_RA_But_B_Led.X\RA_but_RB_Led.asm
                    YAK_2   0x000044    program     static C:\Users\Gng23\Documents\PIC_DERSLERI\4_RA_But_B_Led.X\RA_but_RB_Led.asm
                    YAK_3   0x000047    program     static C:\Users\Gng23\Documents\PIC_DERSLERI\4_RA_But_B_Led.X\RA_but_RB_Led.asm
                    YAK_4   0x00004a    program     static C:\Users\Gng23\Documents\PIC_DERSLERI\4_RA_But_B_Led.X\RA_but_RB_Led.asm
                    YAK_5   0x00004d    program     static C:\Users\Gng23\Documents\PIC_DERSLERI\4_RA_But_B_Led.X\RA_but_RB_Led.asm
             _.org_1_0017   0x000017    program     static C:\Users\Gng23\Documents\PIC_DERSLERI\4_RA_But_B_Led.X\RA_but_RB_Led.asm
             _.org_1_0019   0x000019    program     static C:\Users\Gng23\Documents\PIC_DERSLERI\4_RA_But_B_Led.X\RA_but_RB_Led.asm



                              Symbols - Sorted by Address
                     Name    Address   Location    Storage File                     
                ---------  ---------  ---------  --------- ---------                
                  GECIKME   0x000010    program     static C:\Users\Gng23\Documents\PIC_DERSLERI\4_RA_But_B_Led.X\RA_but_RB_Led.asm
                   DONGU1   0x000016    program     static C:\Users\Gng23\Documents\PIC_DERSLERI\4_RA_But_B_Led.X\RA_but_RB_Led.asm
             _.org_1_0017   0x000017    program     static C:\Users\Gng23\Documents\PIC_DERSLERI\4_RA_But_B_Led.X\RA_but_RB_Led.asm
             _.org_1_0019   0x000019    program     static C:\Users\Gng23\Documents\PIC_DERSLERI\4_RA_But_B_Led.X\RA_but_RB_Led.asm
             PORTA_AYARLA   0x000020    program     static C:\Users\Gng23\Documents\PIC_DERSLERI\4_RA_But_B_Led.X\RA_but_RB_Led.asm
             PORTB_AYARLA   0x000028    program     static C:\Users\Gng23\Documents\PIC_DERSLERI\4_RA_But_B_Led.X\RA_but_RB_Led.asm
                    BASLA   0x00002f    program     static C:\Users\Gng23\Documents\PIC_DERSLERI\4_RA_But_B_Led.X\RA_but_RB_Led.asm
                  KONTROL   0x000031    program     static C:\Users\Gng23\Documents\PIC_DERSLERI\4_RA_But_B_Led.X\RA_but_RB_Led.asm
                    YAK_0   0x00003e    program     static C:\Users\Gng23\Documents\PIC_DERSLERI\4_RA_But_B_Led.X\RA_but_RB_Led.asm
                    YAK_1   0x000041    program     static C:\Users\Gng23\Documents\PIC_DERSLERI\4_RA_But_B_Led.X\RA_but_RB_Led.asm
                    YAK_2   0x000044    program     static C:\Users\Gng23\Documents\PIC_DERSLERI\4_RA_But_B_Led.X\RA_but_RB_Led.asm
                    YAK_3   0x000047    program     static C:\Users\Gng23\Documents\PIC_DERSLERI\4_RA_But_B_Led.X\RA_but_RB_Led.asm
                    YAK_4   0x00004a    program     static C:\Users\Gng23\Documents\PIC_DERSLERI\4_RA_But_B_Led.X\RA_but_RB_Led.asm
                    YAK_5   0x00004d    program     static C:\Users\Gng23\Documents\PIC_DERSLERI\4_RA_But_B_Led.X\RA_but_RB_Led.asm
                   TEKRAR   0x000050    program     static C:\Users\Gng23\Documents\PIC_DERSLERI\4_RA_But_B_Led.X\RA_but_RB_Led.asm


